mode: set
github.com/AFHH999/ToDo/internal/app/app.go:14.59,18.2 3 1
github.com/AFHH999/ToDo/internal/app/app.go:20.71,24.6 3 1
github.com/AFHH999/ToDo/internal/app/app.go:24.6,26.17 2 1
github.com/AFHH999/ToDo/internal/app/app.go:26.17,27.9 1 1
github.com/AFHH999/ToDo/internal/app/app.go:29.3,29.44 1 0
github.com/AFHH999/ToDo/internal/app/app.go:32.2,35.6 3 1
github.com/AFHH999/ToDo/internal/app/app.go:35.6,37.68 2 1
github.com/AFHH999/ToDo/internal/app/app.go:37.68,38.9 1 1
github.com/AFHH999/ToDo/internal/app/app.go:40.3,40.82 1 0
github.com/AFHH999/ToDo/internal/app/app.go:43.2,54.16 4 1
github.com/AFHH999/ToDo/internal/app/app.go:54.16,56.3 1 0
github.com/AFHH999/ToDo/internal/app/app.go:56.8,58.3 1 1
github.com/AFHH999/ToDo/internal/app/app.go:61.48,64.16 3 0
github.com/AFHH999/ToDo/internal/app/app.go:64.16,67.3 2 0
github.com/AFHH999/ToDo/internal/app/app.go:68.2,69.29 2 0
github.com/AFHH999/ToDo/internal/app/app.go:69.29,72.3 1 0
github.com/AFHH999/ToDo/internal/app/app.go:73.2,73.41 1 0
github.com/AFHH999/ToDo/internal/app/app.go:76.69,80.16 3 1
github.com/AFHH999/ToDo/internal/app/app.go:80.16,83.3 2 0
github.com/AFHH999/ToDo/internal/app/app.go:85.2,86.16 2 1
github.com/AFHH999/ToDo/internal/app/app.go:86.16,89.3 2 0
github.com/AFHH999/ToDo/internal/app/app.go:91.2,94.16 3 1
github.com/AFHH999/ToDo/internal/app/app.go:94.16,96.3 1 1
github.com/AFHH999/ToDo/internal/app/app.go:98.2,99.23 2 1
github.com/AFHH999/ToDo/internal/app/app.go:99.23,101.3 1 1
github.com/AFHH999/ToDo/internal/app/app.go:103.2,103.6 1 1
github.com/AFHH999/ToDo/internal/app/app.go:103.6,105.18 2 1
github.com/AFHH999/ToDo/internal/app/app.go:105.18,106.9 1 0
github.com/AFHH999/ToDo/internal/app/app.go:108.3,108.68 1 1
github.com/AFHH999/ToDo/internal/app/app.go:108.68,110.9 2 1
github.com/AFHH999/ToDo/internal/app/app.go:112.3,112.59 1 0
github.com/AFHH999/ToDo/internal/app/app.go:115.2,116.20 2 1
github.com/AFHH999/ToDo/internal/app/app.go:116.20,118.3 1 1
github.com/AFHH999/ToDo/internal/app/app.go:120.2,120.42 1 1
github.com/AFHH999/ToDo/internal/app/app.go:120.42,122.3 1 0
github.com/AFHH999/ToDo/internal/app/app.go:123.2,123.41 1 1
github.com/AFHH999/ToDo/internal/app/app.go:127.71,130.16 3 0
github.com/AFHH999/ToDo/internal/app/app.go:130.16,133.3 2 0
github.com/AFHH999/ToDo/internal/app/app.go:134.2,134.24 1 0
github.com/AFHH999/ToDo/internal/app/app.go:137.59,139.16 2 0
github.com/AFHH999/ToDo/internal/app/app.go:139.16,142.3 2 0
github.com/AFHH999/ToDo/internal/app/app.go:144.2,144.42 1 0
github.com/AFHH999/ToDo/internal/app/app.go:144.42,146.3 1 0
github.com/AFHH999/ToDo/internal/app/app.go:146.8,148.3 1 0
github.com/AFHH999/ToDo/internal/app/app.go:151.54,168.10 11 0
github.com/AFHH999/ToDo/internal/app/app.go:168.10,171.3 2 0
github.com/AFHH999/ToDo/internal/app/app.go:174.2,174.19 1 0
github.com/AFHH999/ToDo/internal/app/app.go:174.19,177.3 2 0
github.com/AFHH999/ToDo/internal/app/app.go:179.2,179.21 1 0
github.com/AFHH999/ToDo/internal/app/app.go:179.21,181.17 2 0
github.com/AFHH999/ToDo/internal/app/app.go:181.17,183.4 1 0
github.com/AFHH999/ToDo/internal/app/app.go:183.9,185.4 1 0
github.com/AFHH999/ToDo/internal/app/app.go:186.3,186.14 1 0
github.com/AFHH999/ToDo/internal/app/app.go:188.2,188.14 1 0
github.com/AFHH999/ToDo/cmd/todo/main.go:13.13,17.18 3 0
github.com/AFHH999/ToDo/cmd/todo/main.go:17.18,19.3 1 0
github.com/AFHH999/ToDo/cmd/todo/main.go:21.2,22.16 2 0
github.com/AFHH999/ToDo/cmd/todo/main.go:22.16,25.3 2 0
github.com/AFHH999/ToDo/cmd/todo/main.go:27.2,29.26 2 0
github.com/AFHH999/ToDo/cmd/todo/main.go:29.26,31.3 1 0
github.com/AFHH999/ToDo/cmd/todo/main.go:33.2,33.6 1 0
github.com/AFHH999/ToDo/cmd/todo/main.go:33.6,44.17 9 0
github.com/AFHH999/ToDo/cmd/todo/main.go:44.17,46.12 2 0
github.com/AFHH999/ToDo/cmd/todo/main.go:49.3,49.15 1 0
github.com/AFHH999/ToDo/cmd/todo/main.go:50.10,51.32 1 0
github.com/AFHH999/ToDo/cmd/todo/main.go:52.10,53.23 1 0
github.com/AFHH999/ToDo/cmd/todo/main.go:54.10,55.30 1 0
github.com/AFHH999/ToDo/cmd/todo/main.go:56.10,57.32 1 0
github.com/AFHH999/ToDo/cmd/todo/main.go:58.10,60.10 2 0
github.com/AFHH999/ToDo/cmd/todo/main.go:61.11,62.34 1 0
github.com/AFHH999/ToDo/internal/db/db.go:10.44,12.16 2 0
github.com/AFHH999/ToDo/internal/db/db.go:12.16,14.3 1 0
github.com/AFHH999/ToDo/internal/db/db.go:17.2,17.55 1 0
github.com/AFHH999/ToDo/internal/db/db.go:17.55,19.3 1 0
github.com/AFHH999/ToDo/internal/db/db.go:21.2,21.16 1 0
github.com/AFHH999/ToDo/internal/repository/gorm_repo.go:14.53,16.2 1 0
github.com/AFHH999/ToDo/internal/repository/gorm_repo.go:18.58,20.2 1 0
github.com/AFHH999/ToDo/internal/repository/gorm_repo.go:22.58,26.2 3 0
github.com/AFHH999/ToDo/internal/repository/gorm_repo.go:28.64,32.2 3 0
github.com/AFHH999/ToDo/internal/repository/gorm_repo.go:34.58,36.2 1 0
github.com/AFHH999/ToDo/internal/repository/gorm_repo.go:38.58,40.2 1 0
github.com/AFHH999/ToDo/internal/models/task.go:18.54,21.2 2 0
